Warning: the `fn_args_layout` option is deprecated. Use `fn_params_layout`. instead
