Warning: the `hide_parse_errors` option is deprecated. Use `show_parse_errors` instead
