Warning: the `merge_imports` option is deprecated. Use `imports_granularity="Crate"` instead
